
> goldplus-commerce@1.0.0 build /Users/robertsebunya/Documents/GitHub_Projects/GoldPlusFinal/goldplus-commerce
> pnpm -r build

Scope: 3 of 4 workspace projects
apps/api build$ tsc
apps/web build$ astro build
apps/web build: 19:18:13 [types] Generated 211ms
apps/web build: 19:18:13 [build] output: "server"
apps/web build: 19:18:13 [build] directory: /Users/robertsebunya/Documents/GitHub_Projects/GoldPlusFinal/goldplus-commerce/apps/web/dist/
apps/web build: 19:18:13 [build] adapter: @astrojs/node
apps/web build: 19:18:13 [build] Collecting build info...
apps/web build: 19:18:13 [build] ✓ Completed in 369ms.
apps/web build: 19:18:13 [build] Building server entrypoints...
apps/web build: 19:18:16 [ERROR] [vite] x Build failed in 2.77s
apps/web build: Could not resolve "../layouts/BaseLayout.astro" from "src/pages/admin/notifications/index.astro"
apps/web build: file: /Users/robertsebunya/Documents/GitHub_Projects/GoldPlusFinal/goldplus-commerce/apps/web/src/pages/admin/notifications/index.astro
apps/web build:   Stack trace:
apps/web build:     at getRollupError (file:///Users/robertsebunya/Documents/GitHub_Projects/GoldPlusFinal/goldplus-commerce/node_modules/.pnpm/rollup@4.60.3/node_modules/rollup/dist/es/shared/parseAst.js:406:41)
apps/web build:     at ModuleLoader.handleInvalidResolvedId (file:///Users/robertsebunya/Documents/GitHub_Projects/GoldPlusFinal/goldplus-commerce/node_modules/.pnpm/rollup@4.60.3/node_modules/rollup/dist/es/shared/node-entry.js:22126:24)
apps/web build: Failed
/Users/robertsebunya/Documents/GitHub_Projects/GoldPlusFinal/goldplus-commerce/apps/web:
 ERR_PNPM_RECURSIVE_RUN_FIRST_FAIL  @goldplus/web@1.0.0 build: `astro build`
Exit status 1
 ELIFECYCLE  Command failed with exit code 1.
